// Jest Snapshot v1, https://goo.gl/fbAQLP

exports[`<HeaderComponent /> test renders correctly 1`] = `
ShallowWrapper {
  Symbol(enzyme.__root__): [Circular],
  Symbol(enzyme.__unrendered__): <HeaderComponent />,
  Symbol(enzyme.__renderer__): Object {
    "batchedUpdates": [Function],
    "getNode": [Function],
    "render": [Function],
    "simulateError": [Function],
    "simulateEvent": [Function],
    "unmount": [Function],
  },
  Symbol(enzyme.__node__): Object {
    "instance": null,
    "key": undefined,
    "nodeType": "host",
    "props": Object {
      "children": <Uncontrolled(Panel)
        bsStyle="info"
>
        <PanelHeading
                bsClass="panel"
                componentClass="div"
        >
                <PanelTitle
                        bsClass="panel"
                        componentClass="h3"
                >
                        <FormGroup
                                bsClass="form-group"
                        >
                                <ControlLabel
                                        bsClass="control-label"
                                        srOnly={false}
                                >
                                        USD - United State Dollars
                                </ControlLabel>
                                <InputGroup
                                        bsClass="input-group"
                                >
                                        <InputGroupAddon
                                                bsClass="input-group-addon"
                                        >
                                                $
                                        </InputGroupAddon>
                                        <FormControl
                                                bsClass="form-control"
                                                componentClass="input"
                                                onChange={[Function]}
                                                pattern="[0-9]"
                                                placeholder="Enter value with number format"
                                                type="text"
                                                value=""
                                        />
                                </InputGroup>
                        </FormGroup>
                </PanelTitle>
        </PanelHeading>
        <PanelBody
                bsClass="panel"
                collapsible={false}
        >
                <CurrencyApp
                        inputValue=""
                />
        </PanelBody>
</Uncontrolled(Panel)>,
      "style": Object {
        "width": 400,
      },
    },
    "ref": null,
    "rendered": Object {
      "instance": null,
      "key": undefined,
      "nodeType": "class",
      "props": Object {
        "bsStyle": "info",
        "children": Array [
          <PanelHeading
            bsClass="panel"
            componentClass="div"
>
            <PanelTitle
                        bsClass="panel"
                        componentClass="h3"
            >
                        <FormGroup
                                    bsClass="form-group"
                        >
                                    <ControlLabel
                                                bsClass="control-label"
                                                srOnly={false}
                                    >
                                                USD - United State Dollars
                                    </ControlLabel>
                                    <InputGroup
                                                bsClass="input-group"
                                    >
                                                <InputGroupAddon
                                                            bsClass="input-group-addon"
                                                >
                                                            $
                                                </InputGroupAddon>
                                                <FormControl
                                                            bsClass="form-control"
                                                            componentClass="input"
                                                            onChange={[Function]}
                                                            pattern="[0-9]"
                                                            placeholder="Enter value with number format"
                                                            type="text"
                                                            value=""
                                                />
                                    </InputGroup>
                        </FormGroup>
            </PanelTitle>
</PanelHeading>,
          <PanelBody
            bsClass="panel"
            collapsible={false}
>
            <CurrencyApp
                        inputValue=""
            />
</PanelBody>,
        ],
      },
      "ref": null,
      "rendered": Array [
        Object {
          "instance": null,
          "key": undefined,
          "nodeType": "class",
          "props": Object {
            "bsClass": "panel",
            "children": <PanelTitle
              bsClass="panel"
              componentClass="h3"
>
              <FormGroup
                            bsClass="form-group"
              >
                            <ControlLabel
                                          bsClass="control-label"
                                          srOnly={false}
                            >
                                          USD - United State Dollars
                            </ControlLabel>
                            <InputGroup
                                          bsClass="input-group"
                            >
                                          <InputGroupAddon
                                                        bsClass="input-group-addon"
                                          >
                                                        $
                                          </InputGroupAddon>
                                          <FormControl
                                                        bsClass="form-control"
                                                        componentClass="input"
                                                        onChange={[Function]}
                                                        pattern="[0-9]"
                                                        placeholder="Enter value with number format"
                                                        type="text"
                                                        value=""
                                          />
                            </InputGroup>
              </FormGroup>
</PanelTitle>,
            "componentClass": "div",
          },
          "ref": null,
          "rendered": Object {
            "instance": null,
            "key": undefined,
            "nodeType": "class",
            "props": Object {
              "bsClass": "panel",
              "children": <FormGroup
                bsClass="form-group"
>
                <ControlLabel
                                bsClass="control-label"
                                srOnly={false}
                >
                                USD - United State Dollars
                </ControlLabel>
                <InputGroup
                                bsClass="input-group"
                >
                                <InputGroupAddon
                                                bsClass="input-group-addon"
                                >
                                                $
                                </InputGroupAddon>
                                <FormControl
                                                bsClass="form-control"
                                                componentClass="input"
                                                onChange={[Function]}
                                                pattern="[0-9]"
                                                placeholder="Enter value with number format"
                                                type="text"
                                                value=""
                                />
                </InputGroup>
</FormGroup>,
              "componentClass": "h3",
            },
            "ref": null,
            "rendered": Object {
              "instance": null,
              "key": undefined,
              "nodeType": "class",
              "props": Object {
                "bsClass": "form-group",
                "children": Array [
                  <ControlLabel
                    bsClass="control-label"
                    srOnly={false}
>
                    USD - United State Dollars
</ControlLabel>,
                  <InputGroup
                    bsClass="input-group"
>
                    <InputGroupAddon
                                        bsClass="input-group-addon"
                    >
                                        $
                    </InputGroupAddon>
                    <FormControl
                                        bsClass="form-control"
                                        componentClass="input"
                                        onChange={[Function]}
                                        pattern="[0-9]"
                                        placeholder="Enter value with number format"
                                        type="text"
                                        value=""
                    />
</InputGroup>,
                ],
              },
              "ref": null,
              "rendered": Array [
                Object {
                  "instance": null,
                  "key": undefined,
                  "nodeType": "class",
                  "props": Object {
                    "bsClass": "control-label",
                    "children": "USD - United State Dollars",
                    "srOnly": false,
                  },
                  "ref": null,
                  "rendered": "USD - United State Dollars",
                  "type": [Function],
                },
                Object {
                  "instance": null,
                  "key": undefined,
                  "nodeType": "class",
                  "props": Object {
                    "bsClass": "input-group",
                    "children": Array [
                      <InputGroupAddon
                        bsClass="input-group-addon"
>
                        $
</InputGroupAddon>,
                      <FormControl
                        bsClass="form-control"
                        componentClass="input"
                        onChange={[Function]}
                        pattern="[0-9]"
                        placeholder="Enter value with number format"
                        type="text"
                        value=""
/>,
                    ],
                  },
                  "ref": null,
                  "rendered": Array [
                    Object {
                      "instance": null,
                      "key": undefined,
                      "nodeType": "class",
                      "props": Object {
                        "bsClass": "input-group-addon",
                        "children": "$",
                      },
                      "ref": null,
                      "rendered": "$",
                      "type": [Function],
                    },
                    Object {
                      "instance": null,
                      "key": undefined,
                      "nodeType": "class",
                      "props": Object {
                        "bsClass": "form-control",
                        "componentClass": "input",
                        "onChange": [Function],
                        "pattern": "[0-9]",
                        "placeholder": "Enter value with number format",
                        "type": "text",
                        "value": "",
                      },
                      "ref": null,
                      "rendered": null,
                      "type": [Function],
                    },
                  ],
                  "type": [Function],
                },
              ],
              "type": [Function],
            },
            "type": [Function],
          },
          "type": [Function],
        },
        Object {
          "instance": null,
          "key": undefined,
          "nodeType": "class",
          "props": Object {
            "bsClass": "panel",
            "children": <CurrencyApp
              inputValue=""
/>,
            "collapsible": false,
          },
          "ref": null,
          "rendered": Object {
            "instance": null,
            "key": undefined,
            "nodeType": "class",
            "props": Object {
              "inputValue": "",
            },
            "ref": null,
            "rendered": null,
            "type": [Function],
          },
          "type": [Function],
        },
      ],
      "type": [Function],
    },
    "type": "div",
  },
  Symbol(enzyme.__nodes__): Array [
    Object {
      "instance": null,
      "key": undefined,
      "nodeType": "host",
      "props": Object {
        "children": <Uncontrolled(Panel)
          bsStyle="info"
>
          <PanelHeading
                    bsClass="panel"
                    componentClass="div"
          >
                    <PanelTitle
                              bsClass="panel"
                              componentClass="h3"
                    >
                              <FormGroup
                                        bsClass="form-group"
                              >
                                        <ControlLabel
                                                  bsClass="control-label"
                                                  srOnly={false}
                                        >
                                                  USD - United State Dollars
                                        </ControlLabel>
                                        <InputGroup
                                                  bsClass="input-group"
                                        >
                                                  <InputGroupAddon
                                                            bsClass="input-group-addon"
                                                  >
                                                            $
                                                  </InputGroupAddon>
                                                  <FormControl
                                                            bsClass="form-control"
                                                            componentClass="input"
                                                            onChange={[Function]}
                                                            pattern="[0-9]"
                                                            placeholder="Enter value with number format"
                                                            type="text"
                                                            value=""
                                                  />
                                        </InputGroup>
                              </FormGroup>
                    </PanelTitle>
          </PanelHeading>
          <PanelBody
                    bsClass="panel"
                    collapsible={false}
          >
                    <CurrencyApp
                              inputValue=""
                    />
          </PanelBody>
</Uncontrolled(Panel)>,
        "style": Object {
          "width": 400,
        },
      },
      "ref": null,
      "rendered": Object {
        "instance": null,
        "key": undefined,
        "nodeType": "class",
        "props": Object {
          "bsStyle": "info",
          "children": Array [
            <PanelHeading
              bsClass="panel"
              componentClass="div"
>
              <PanelTitle
                            bsClass="panel"
                            componentClass="h3"
              >
                            <FormGroup
                                          bsClass="form-group"
                            >
                                          <ControlLabel
                                                        bsClass="control-label"
                                                        srOnly={false}
                                          >
                                                        USD - United State Dollars
                                          </ControlLabel>
                                          <InputGroup
                                                        bsClass="input-group"
                                          >
                                                        <InputGroupAddon
                                                                      bsClass="input-group-addon"
                                                        >
                                                                      $
                                                        </InputGroupAddon>
                                                        <FormControl
                                                                      bsClass="form-control"
                                                                      componentClass="input"
                                                                      onChange={[Function]}
                                                                      pattern="[0-9]"
                                                                      placeholder="Enter value with number format"
                                                                      type="text"
                                                                      value=""
                                                        />
                                          </InputGroup>
                            </FormGroup>
              </PanelTitle>
</PanelHeading>,
            <PanelBody
              bsClass="panel"
              collapsible={false}
>
              <CurrencyApp
                            inputValue=""
              />
</PanelBody>,
          ],
        },
        "ref": null,
        "rendered": Array [
          Object {
            "instance": null,
            "key": undefined,
            "nodeType": "class",
            "props": Object {
              "bsClass": "panel",
              "children": <PanelTitle
                bsClass="panel"
                componentClass="h3"
>
                <FormGroup
                                bsClass="form-group"
                >
                                <ControlLabel
                                                bsClass="control-label"
                                                srOnly={false}
                                >
                                                USD - United State Dollars
                                </ControlLabel>
                                <InputGroup
                                                bsClass="input-group"
                                >
                                                <InputGroupAddon
                                                                bsClass="input-group-addon"
                                                >
                                                                $
                                                </InputGroupAddon>
                                                <FormControl
                                                                bsClass="form-control"
                                                                componentClass="input"
                                                                onChange={[Function]}
                                                                pattern="[0-9]"
                                                                placeholder="Enter value with number format"
                                                                type="text"
                                                                value=""
                                                />
                                </InputGroup>
                </FormGroup>
</PanelTitle>,
              "componentClass": "div",
            },
            "ref": null,
            "rendered": Object {
              "instance": null,
              "key": undefined,
              "nodeType": "class",
              "props": Object {
                "bsClass": "panel",
                "children": <FormGroup
                  bsClass="form-group"
>
                  <ControlLabel
                                    bsClass="control-label"
                                    srOnly={false}
                  >
                                    USD - United State Dollars
                  </ControlLabel>
                  <InputGroup
                                    bsClass="input-group"
                  >
                                    <InputGroupAddon
                                                      bsClass="input-group-addon"
                                    >
                                                      $
                                    </InputGroupAddon>
                                    <FormControl
                                                      bsClass="form-control"
                                                      componentClass="input"
                                                      onChange={[Function]}
                                                      pattern="[0-9]"
                                                      placeholder="Enter value with number format"
                                                      type="text"
                                                      value=""
                                    />
                  </InputGroup>
</FormGroup>,
                "componentClass": "h3",
              },
              "ref": null,
              "rendered": Object {
                "instance": null,
                "key": undefined,
                "nodeType": "class",
                "props": Object {
                  "bsClass": "form-group",
                  "children": Array [
                    <ControlLabel
                      bsClass="control-label"
                      srOnly={false}
>
                      USD - United State Dollars
</ControlLabel>,
                    <InputGroup
                      bsClass="input-group"
>
                      <InputGroupAddon
                                            bsClass="input-group-addon"
                      >
                                            $
                      </InputGroupAddon>
                      <FormControl
                                            bsClass="form-control"
                                            componentClass="input"
                                            onChange={[Function]}
                                            pattern="[0-9]"
                                            placeholder="Enter value with number format"
                                            type="text"
                                            value=""
                      />
</InputGroup>,
                  ],
                },
                "ref": null,
                "rendered": Array [
                  Object {
                    "instance": null,
                    "key": undefined,
                    "nodeType": "class",
                    "props": Object {
                      "bsClass": "control-label",
                      "children": "USD - United State Dollars",
                      "srOnly": false,
                    },
                    "ref": null,
                    "rendered": "USD - United State Dollars",
                    "type": [Function],
                  },
                  Object {
                    "instance": null,
                    "key": undefined,
                    "nodeType": "class",
                    "props": Object {
                      "bsClass": "input-group",
                      "children": Array [
                        <InputGroupAddon
                          bsClass="input-group-addon"
>
                          $
</InputGroupAddon>,
                        <FormControl
                          bsClass="form-control"
                          componentClass="input"
                          onChange={[Function]}
                          pattern="[0-9]"
                          placeholder="Enter value with number format"
                          type="text"
                          value=""
/>,
                      ],
                    },
                    "ref": null,
                    "rendered": Array [
                      Object {
                        "instance": null,
                        "key": undefined,
                        "nodeType": "class",
                        "props": Object {
                          "bsClass": "input-group-addon",
                          "children": "$",
                        },
                        "ref": null,
                        "rendered": "$",
                        "type": [Function],
                      },
                      Object {
                        "instance": null,
                        "key": undefined,
                        "nodeType": "class",
                        "props": Object {
                          "bsClass": "form-control",
                          "componentClass": "input",
                          "onChange": [Function],
                          "pattern": "[0-9]",
                          "placeholder": "Enter value with number format",
                          "type": "text",
                          "value": "",
                        },
                        "ref": null,
                        "rendered": null,
                        "type": [Function],
                      },
                    ],
                    "type": [Function],
                  },
                ],
                "type": [Function],
              },
              "type": [Function],
            },
            "type": [Function],
          },
          Object {
            "instance": null,
            "key": undefined,
            "nodeType": "class",
            "props": Object {
              "bsClass": "panel",
              "children": <CurrencyApp
                inputValue=""
/>,
              "collapsible": false,
            },
            "ref": null,
            "rendered": Object {
              "instance": null,
              "key": undefined,
              "nodeType": "class",
              "props": Object {
                "inputValue": "",
              },
              "ref": null,
              "rendered": null,
              "type": [Function],
            },
            "type": [Function],
          },
        ],
        "type": [Function],
      },
      "type": "div",
    },
  ],
  Symbol(enzyme.__options__): Object {
    "adapter": ReactSixteenAdapter {
      "options": Object {
        "enableComponentDidUpdateOnSetState": true,
        "lifecycles": Object {
          "componentDidUpdate": Object {
            "onSetState": true,
          },
          "getDerivedStateFromProps": true,
          "getSnapshotBeforeUpdate": true,
          "setState": Object {
            "skipsComponentDidUpdateOnNullish": true,
          },
        },
      },
    },
    "attachTo": undefined,
    "hydrateIn": undefined,
  },
}
`;
