// Jest Snapshot v1, https://goo.gl/fbAQLP

exports[`<CurrencyApp /> test renders correctly 1`] = `
ShallowWrapper {
  Symbol(enzyme.__root__): [Circular],
  Symbol(enzyme.__unrendered__): <CurrencyApp />,
  Symbol(enzyme.__renderer__): Object {
    "batchedUpdates": [Function],
    "getNode": [Function],
    "render": [Function],
    "simulateError": [Function],
    "simulateEvent": [Function],
    "unmount": [Function],
  },
  Symbol(enzyme.__node__): Object {
    "instance": null,
    "key": undefined,
    "nodeType": "host",
    "props": Object {
      "children": Array [
        <CurrencyListApp
          delete={[Function]}
          entries={
                    Array [
                              Object {
                                "baseValue": "14901.50",
                                "id": 1538372038451,
                                "key": "IDR",
                                "value": "14901.50",
                              },
                              Object {
                                "baseValue": "0.86",
                                "id": 1538372238662,
                                "key": "EUR",
                                "value": 0.86,
                              },
                              Object {
                                "baseValue": "0.77",
                                "id": 1538372337662,
                                "key": "GBP",
                                "value": 0.77,
                              },
                              Object {
                                "baseValue": "1.37",
                                "id": 1538372397202,
                                "key": "SGD",
                                "value": 1.37,
                              },
                            ]
          }
/>,
        <div
          className="header"
>
          <form
                    onSubmit={[Function]}
          >
                    <FormControl
                              bsClass="form-control"
                              componentClass="input"
                              onChange={[Function]}
                              placeholder="add more currencies"
                              type="text"
                              value=""
                    />
                    <Button
                              active={false}
                              block={false}
                              bsClass="btn"
                              bsStyle="primary"
                              disabled={false}
                              type="submit"
                    >
                              Submit
                    </Button>
          </form>
</div>,
      ],
      "className": "currencyListMain",
    },
    "ref": null,
    "rendered": Array [
      Object {
        "instance": null,
        "key": undefined,
        "nodeType": "class",
        "props": Object {
          "delete": [Function],
          "entries": Array [
            Object {
              "baseValue": "14901.50",
              "id": 1538372038451,
              "key": "IDR",
              "value": "14901.50",
            },
            Object {
              "baseValue": "0.86",
              "id": 1538372238662,
              "key": "EUR",
              "value": 0.86,
            },
            Object {
              "baseValue": "0.77",
              "id": 1538372337662,
              "key": "GBP",
              "value": 0.77,
            },
            Object {
              "baseValue": "1.37",
              "id": 1538372397202,
              "key": "SGD",
              "value": 1.37,
            },
          ],
        },
        "ref": null,
        "rendered": null,
        "type": [Function],
      },
      Object {
        "instance": null,
        "key": undefined,
        "nodeType": "host",
        "props": Object {
          "children": <form
            onSubmit={[Function]}
>
            <FormControl
                        bsClass="form-control"
                        componentClass="input"
                        onChange={[Function]}
                        placeholder="add more currencies"
                        type="text"
                        value=""
            />
            <Button
                        active={false}
                        block={false}
                        bsClass="btn"
                        bsStyle="primary"
                        disabled={false}
                        type="submit"
            >
                        Submit
            </Button>
</form>,
          "className": "header",
        },
        "ref": null,
        "rendered": Object {
          "instance": null,
          "key": undefined,
          "nodeType": "host",
          "props": Object {
            "children": Array [
              <FormControl
                bsClass="form-control"
                componentClass="input"
                onChange={[Function]}
                placeholder="add more currencies"
                type="text"
                value=""
/>,
              <Button
                active={false}
                block={false}
                bsClass="btn"
                bsStyle="primary"
                disabled={false}
                type="submit"
>
                Submit
</Button>,
            ],
            "onSubmit": [Function],
          },
          "ref": null,
          "rendered": Array [
            Object {
              "instance": null,
              "key": undefined,
              "nodeType": "class",
              "props": Object {
                "bsClass": "form-control",
                "componentClass": "input",
                "onChange": [Function],
                "placeholder": "add more currencies",
                "type": "text",
                "value": "",
              },
              "ref": null,
              "rendered": null,
              "type": [Function],
            },
            Object {
              "instance": null,
              "key": undefined,
              "nodeType": "class",
              "props": Object {
                "active": false,
                "block": false,
                "bsClass": "btn",
                "bsStyle": "primary",
                "children": "Submit",
                "disabled": false,
                "type": "submit",
              },
              "ref": null,
              "rendered": "Submit",
              "type": [Function],
            },
          ],
          "type": "form",
        },
        "type": "div",
      },
    ],
    "type": "div",
  },
  Symbol(enzyme.__nodes__): Array [
    Object {
      "instance": null,
      "key": undefined,
      "nodeType": "host",
      "props": Object {
        "children": Array [
          <CurrencyListApp
            delete={[Function]}
            entries={
                        Array [
                                    Object {
                                      "baseValue": "14901.50",
                                      "id": 1538372038451,
                                      "key": "IDR",
                                      "value": "14901.50",
                                    },
                                    Object {
                                      "baseValue": "0.86",
                                      "id": 1538372238662,
                                      "key": "EUR",
                                      "value": 0.86,
                                    },
                                    Object {
                                      "baseValue": "0.77",
                                      "id": 1538372337662,
                                      "key": "GBP",
                                      "value": 0.77,
                                    },
                                    Object {
                                      "baseValue": "1.37",
                                      "id": 1538372397202,
                                      "key": "SGD",
                                      "value": 1.37,
                                    },
                                  ]
            }
/>,
          <div
            className="header"
>
            <form
                        onSubmit={[Function]}
            >
                        <FormControl
                                    bsClass="form-control"
                                    componentClass="input"
                                    onChange={[Function]}
                                    placeholder="add more currencies"
                                    type="text"
                                    value=""
                        />
                        <Button
                                    active={false}
                                    block={false}
                                    bsClass="btn"
                                    bsStyle="primary"
                                    disabled={false}
                                    type="submit"
                        >
                                    Submit
                        </Button>
            </form>
</div>,
        ],
        "className": "currencyListMain",
      },
      "ref": null,
      "rendered": Array [
        Object {
          "instance": null,
          "key": undefined,
          "nodeType": "class",
          "props": Object {
            "delete": [Function],
            "entries": Array [
              Object {
                "baseValue": "14901.50",
                "id": 1538372038451,
                "key": "IDR",
                "value": "14901.50",
              },
              Object {
                "baseValue": "0.86",
                "id": 1538372238662,
                "key": "EUR",
                "value": 0.86,
              },
              Object {
                "baseValue": "0.77",
                "id": 1538372337662,
                "key": "GBP",
                "value": 0.77,
              },
              Object {
                "baseValue": "1.37",
                "id": 1538372397202,
                "key": "SGD",
                "value": 1.37,
              },
            ],
          },
          "ref": null,
          "rendered": null,
          "type": [Function],
        },
        Object {
          "instance": null,
          "key": undefined,
          "nodeType": "host",
          "props": Object {
            "children": <form
              onSubmit={[Function]}
>
              <FormControl
                            bsClass="form-control"
                            componentClass="input"
                            onChange={[Function]}
                            placeholder="add more currencies"
                            type="text"
                            value=""
              />
              <Button
                            active={false}
                            block={false}
                            bsClass="btn"
                            bsStyle="primary"
                            disabled={false}
                            type="submit"
              >
                            Submit
              </Button>
</form>,
            "className": "header",
          },
          "ref": null,
          "rendered": Object {
            "instance": null,
            "key": undefined,
            "nodeType": "host",
            "props": Object {
              "children": Array [
                <FormControl
                  bsClass="form-control"
                  componentClass="input"
                  onChange={[Function]}
                  placeholder="add more currencies"
                  type="text"
                  value=""
/>,
                <Button
                  active={false}
                  block={false}
                  bsClass="btn"
                  bsStyle="primary"
                  disabled={false}
                  type="submit"
>
                  Submit
</Button>,
              ],
              "onSubmit": [Function],
            },
            "ref": null,
            "rendered": Array [
              Object {
                "instance": null,
                "key": undefined,
                "nodeType": "class",
                "props": Object {
                  "bsClass": "form-control",
                  "componentClass": "input",
                  "onChange": [Function],
                  "placeholder": "add more currencies",
                  "type": "text",
                  "value": "",
                },
                "ref": null,
                "rendered": null,
                "type": [Function],
              },
              Object {
                "instance": null,
                "key": undefined,
                "nodeType": "class",
                "props": Object {
                  "active": false,
                  "block": false,
                  "bsClass": "btn",
                  "bsStyle": "primary",
                  "children": "Submit",
                  "disabled": false,
                  "type": "submit",
                },
                "ref": null,
                "rendered": "Submit",
                "type": [Function],
              },
            ],
            "type": "form",
          },
          "type": "div",
        },
      ],
      "type": "div",
    },
  ],
  Symbol(enzyme.__options__): Object {
    "adapter": ReactSixteenAdapter {
      "options": Object {
        "enableComponentDidUpdateOnSetState": true,
        "lifecycles": Object {
          "componentDidUpdate": Object {
            "onSetState": true,
          },
          "getDerivedStateFromProps": true,
          "getSnapshotBeforeUpdate": true,
          "setState": Object {
            "skipsComponentDidUpdateOnNullish": true,
          },
        },
      },
    },
    "attachTo": undefined,
    "hydrateIn": undefined,
  },
}
`;
